#-----------------------------------------------------------
# Vivado v2019.1 (64-bit)
# SW Build 2552052 on Fri May 24 14:49:42 MDT 2019
# IP Build 2548770 on Fri May 24 18:01:18 MDT 2019
# Start of session at: Fri Jul 31 17:36:32 2020
# Process ID: 8264
# Current directory: D:/STUDY/GitHubWork/Verilog-learning/08_uart/uart
# Command line: vivado.exe -gui_launcher_event rodinguilauncherevent17844 D:\STUDY\GitHubWork\Verilog-learning\08_uart\uart\uart.xpr
# Log file: D:/STUDY/GitHubWork/Verilog-learning/08_uart/uart/vivado.log
# Journal file: D:/STUDY/GitHubWork/Verilog-learning/08_uart/uart\vivado.jou
#-----------------------------------------------------------
start_gui
open_project D:/STUDY/GitHubWork/Verilog-learning/08_uart/uart/uart.xpr
open_hw
connect_hw_server
open_hw_target
set_property PROBES.FILE {} [get_hw_devices xc7a100t_0]
set_property FULL_PROBES.FILE {} [get_hw_devices xc7a100t_0]
set_property PROGRAM.FILE {D:/STUDY/GitHubWork/Verilog-learning/08_uart/uart/uart.runs/impl_1/uart_fpga_apps.bit} [get_hw_devices xc7a100t_0]
program_hw_devices [get_hw_devices xc7a100t_0]
refresh_hw_device [lindex [get_hw_devices xc7a100t_0] 0]
